app/page.tsx(72,32): error TS2322: Type '{ name: string; id: string; itsNumber: string; email: string | null; role: Role; }' is not assignable to type '{ id: string; itsNumber: string; name: string; email?: string | undefined; role: string; }'.
  Types of property 'email' are incompatible.
    Type 'string | null' is not assignable to type 'string | undefined'.
      Type 'null' is not assignable to type 'string | undefined'.
